---
source: src/cuda/kernel/pointwise.rs
expression: kernel.params
---
[
    Node(
        NodeId(
            1v1,
        ),
    ),
    Node(
        NodeId(
            2v1,
        ),
    ),
    Var(
        VarId(
            0,
        ),
    ),
    Output,
    Size,
]
